// Jest Snapshot v1, https://goo.gl/fbAQLP

exports[`Map should match snapshot 1`] = `
<View
  style={
    Object {
      "alignItems": "center",
      "height": "100%",
      "justifyContent": "center",
      "width": "100%",
    }
  }
>
  <Text
    accessible={true}
    allowFontScaling={true}
    ellipsizeMode="tail"
  >
    Loading map...
  </Text>
</View>
`;
