// Jest Snapshot v1, https://goo.gl/fbAQLP

exports[`Search should match snapshot 1`] = `
ShallowWrapper {
  Symbol(enzyme.__root__): [Circular],
  Symbol(enzyme.__unrendered__): <Search
    updateLocation={[MockFunction]}
  />,
  Symbol(enzyme.__renderer__): Object {
    "batchedUpdates": [Function],
    "getNode": [Function],
    "render": [Function],
    "simulateError": [Function],
    "simulateEvent": [Function],
    "unmount": [Function],
  },
  Symbol(enzyme.__node__): Object {
    "instance": null,
    "key": undefined,
    "nodeType": "class",
    "props": Object {
      "clearIcon": Object {
        "color": "#005900",
      },
      "containerStyle": Object {
        "backgroundColor": "#F9F5ED",
        "borderBottomWidth": 0,
        "borderTopWidth": 0,
      },
      "icon": Object {},
      "inputStyle": Object {
        "backgroundColor": "#c1e6b1",
        "color": "#005900",
      },
      "lightTheme": false,
      "loadingIcon": Object {},
      "noIcon": false,
      "onCancel": [Function],
      "onChangeText": [Function],
      "onSubmitEditing": [Function],
      "placeholder": "search location",
      "placeholderTextColor": "#86939e",
      "round": true,
      "searchIcon": true,
      "showLoading": true,
      "showLoadingIcon": false,
      "value": "",
    },
    "ref": null,
    "rendered": null,
    "type": [Function],
  },
  Symbol(enzyme.__nodes__): Array [
    Object {
      "instance": null,
      "key": undefined,
      "nodeType": "class",
      "props": Object {
        "clearIcon": Object {
          "color": "#005900",
        },
        "containerStyle": Object {
          "backgroundColor": "#F9F5ED",
          "borderBottomWidth": 0,
          "borderTopWidth": 0,
        },
        "icon": Object {},
        "inputStyle": Object {
          "backgroundColor": "#c1e6b1",
          "color": "#005900",
        },
        "lightTheme": false,
        "loadingIcon": Object {},
        "noIcon": false,
        "onCancel": [Function],
        "onChangeText": [Function],
        "onSubmitEditing": [Function],
        "placeholder": "search location",
        "placeholderTextColor": "#86939e",
        "round": true,
        "searchIcon": true,
        "showLoading": true,
        "showLoadingIcon": false,
        "value": "",
      },
      "ref": null,
      "rendered": null,
      "type": [Function],
    },
  ],
  Symbol(enzyme.__options__): Object {
    "adapter": ReactSixteenAdapter {
      "options": Object {
        "enableComponentDidUpdateOnSetState": true,
        "lifecycles": Object {
          "componentDidUpdate": Object {
            "onSetState": true,
          },
          "getDerivedStateFromProps": true,
          "getSnapshotBeforeUpdate": true,
          "setState": Object {
            "skipsComponentDidUpdateOnNullish": true,
          },
        },
      },
    },
  },
}
`;
